<?xml version="1.0" encoding="UTF-8" ?>
<api>
	<package name="xamarin.test">
		<class abstract="false" deprecated="not deprecated" extends="java.lang.Object" extends-generic-aware="java.lang.Object" final="false" name="CSharpKeywords" static="false" visibility="public">
			<method abstract="false" deprecated="not deprecated" final="false" name="usePartial" native="false" return="java.lang.String" static="false" synchronized="false" visibility="public">
				<parameter name="partial" type="int" />
			</method>
			<method abstract="false" deprecated="not deprecated" final="false" name="useThis" native="false" return="java.lang.String" static="true" synchronized="false" visibility="public">
				<parameter name="this" type="java.lang.String" />
			</method>
		</class>
	</package>
</api>
