<?xml version="1.0" encoding="utf-8"?>
<api>
  <package name="java.lang">
    <class abstract="false" deprecated="not deprecated" final="false" name="Object" static="false" visibility="public">
    </class>
  </package>
</api>


