<?xml version="1.0" encoding="UTF-8" ?>
<api>
	<package name="java.lang">
	    <class abstract="false" deprecated="not deprecated" final="false" name="Object" static="false" visibility="public">
	    </class>
	  </package>
	<package name="xamarin.test">
	  <class abstract="false" deprecated="not deprecated" extends="java.lang.Object" extends-generic-aware="java.lang.Object" 
	  		final="false" name="SomeObject" static="false" visibility="public">
	  		<field deprecated="not deprecated" final="true" name="Value" static="true" transient="false" type="int" type-generic-aware="int" visibility="public" volatile="false">
	        </field>
	        <field deprecated="not deprecated" final="false" name="Value2" static="true" transient="false" type="int" type-generic-aware="int" visibility="public" volatile="false">
	        </field>
	    </class>
	</package>
</api>

