<?xml version="1.0" encoding="UTF-8" ?>
<api>
<package name="java.lang">
	<class abstract="false" deprecated="not deprecated" final="false" name="Object" static="false" visibility="public">
	</class>
</package>
<package name="xamarin.test">
	<class abstract="false" deprecated="not deprecated" extends="java.lang.Object" extends-generic-aware="java.lang.Object" final="false" name="NotificationCompatBase" static="false" visibility="public">
	</class>
	<class abstract="true" deprecated="not deprecated" extends="java.lang.Object" extends-generic-aware="java.lang.Object" final="false" name="NotificationCompatBase.Action" static="true" visibility="public">
	</class>
	<class abstract="true" deprecated="not deprecated" extends="java.lang.Object" extends-generic-aware="java.lang.Object" final="false" name="NotificationCompatBase.InstanceInner" static="false" visibility="public">
    <constructor deprecated="not deprecated" final="false" name="NotificationCompatBase.InstanceInner" static="false" type="xamarin.test.NotificationCompatBase.InstanceInner" visibility="public" />
	</class>
	<interface abstract="true" deprecated="not deprecated" final="false" name="NotificationCompatBase.Action.Factory" static="true" visibility="public">
	<method abstract="true" deprecated="not deprecated" final="false" name="build" native="false" return="xamarin.test.NotificationCompatBase.Action" static="false" synchronized="false" visibility="public">
		<parameter name="p0" type="int">
		</parameter>
	</method>
	</interface>
</package>
</api>
