<?xml version="1.0" encoding="UTF-8" ?>
<api>
	<package name="java.lang">
	    <class abstract="false" deprecated="not deprecated" final="false" name="Object" static="false" visibility="public">
	    </class>
	  </package>
	<package name="xamarin.test">
	  <class abstract="false" deprecated="not deprecated" extends="java.lang.Object" extends-generic-aware="java.lang.Object" 
	  		final="false" name="SomeObject" static="false" visibility="public">
	  		<field abstract="true" deprecated="not deprecated" final="false" name="myStrings" static="false" transient="false" type="java.lang.String[]" type-generic-aware="java.lang.String[]" value="null" visibility="public" volatile="false">
	        </field>
	        <field abstract="true" deprecated="not deprecated" final="false" name="myInts" static="false" transient="false" type="int[]" type-generic-aware="int[]" value="null" visibility="public" volatile="false">
	        </field>
	        <field abstract="true" deprecated="not deprecated" final="false" name="mybools" static="false" transient="false" type="bool[]" type-generic-aware="bool[]" value="null" visibility="public" volatile="false">
	        </field>
	        <field abstract="true" deprecated="not deprecated" final="false" name="myObjects" static="false" transient="false" type="java.lang.Object[]" type-generic-aware="java.lang.Object[]" value="null" visibility="public" volatile="false">
	        </field>
	        <field abstract="true" deprecated="not deprecated" final="false" name="myfloats" static="false" transient="false" type="float[]" type-generic-aware="float[]" value="null" visibility="public" volatile="false">
	        </field>
	        <field abstract="true" deprecated="not deprecated" final="false" name="mydoubles" static="false" transient="false" type="double[]" type-generic-aware="double[]" value="null" visibility="public" volatile="false">
	        </field>
	        <field abstract="true" deprecated="not deprecated" final="false" name="mylongs" static="false" transient="false" type="long[]" type-generic-aware="long[]" value="null" visibility="public" volatile="false">
	        </field>
	    </class>
	</package>
</api>

